// Jest Snapshot v1, https://goo.gl/fbAQLP

exports[`should handle onSubmit 1`] = `
<div>
  <h1>
    Add Expenses
  </h1>
  <ExpenseForm
    onSubmit={[Function]}
  />
</div>
`;

exports[`should render addExpensepage correctly 1`] = `
<div>
  <h1>
    Add Expenses
  </h1>
  <ExpenseForm
    onSubmit={[Function]}
  />
</div>
`;
