// Jest Snapshot v1, https://goo.gl/fbAQLP

exports[`should render ExpenseListItem with expenses 1`] = `
<div>
  <h3>
    Gum
  </h3>
  <p>
    $54,500.00
    -
    January 1st,1970
  </p>
  <NavLink
    activeClassName="active"
    ariaCurrent="true"
    className="lin"
    to="edit/1"
  >
    Edit Expense
  </NavLink>
</div>
`;
