// Jest Snapshot v1, https://goo.gl/fbAQLP

exports[`should render ExpenseList with empty message 1`] = `
<div>
  <p>
    No Expenses
  </p>
</div>
`;

exports[`should render ExpenseList with expenses 1`] = `
<div>
  <ExpenseListItem
    amount={54500}
    createdAt={0}
    description="Gum"
    id="1"
    key="1"
    notes="This was the final payment for the address"
  />
  <ExpenseListItem
    amount={54600}
    createdAt={-345600000}
    description="February Rent"
    id="2"
    key="2"
    notes="This was the final payment for the address"
  />
  <ExpenseListItem
    amount={54700}
    createdAt={345600000}
    description="Credit card"
    id="3"
    key="3"
    notes=""
  />
</div>
`;
