// Jest Snapshot v1, https://goo.gl/fbAQLP

exports[`should handle edit Expense and remove expense 1`] = `
<div>
  <h1>
    Login Page
  </h1>
  <button
    onClick={[Function]}
  >
    Login
  </button>
</div>
`;

exports[`should render login page correctly 1`] = `
<div>
  <h1>
    Login Page
  </h1>
  <button
    onClick={[Function]}
  >
    Login
  </button>
</div>
`;
